../Core/Src/tim.c:33:6:MX_TIM1_Init	104	static
../Core/Src/tim.c:109:6:MX_TIM3_Init	56	static
../Core/Src/tim.c:153:6:MX_TIM7_Init	24	static
../Core/Src/tim.c:186:6:MX_TIM16_Init	8	static
../Core/Src/tim.c:212:6:HAL_TIM_PWM_MspInit	24	static
../Core/Src/tim.c:228:6:HAL_TIM_Encoder_MspInit	48	static
../Core/Src/tim.c:267:6:HAL_TIM_Base_MspInit	24	static
../Core/Src/tim.c:297:6:HAL_TIM_MspPostInit	48	static
../Core/Src/tim.c:345:6:HAL_TIM_PWM_MspDeInit	16	static
../Core/Src/tim.c:361:6:HAL_TIM_Encoder_MspDeInit	16	static
../Core/Src/tim.c:387:6:HAL_TIM_Base_MspDeInit	16	static
